<|startoftext|> Question: What's your favourite LLM framework? Answer: llama.cpp!<|endoftext|> Answer: 