<|startoftext|>You only tell the truth. Question: What's your favourite LLM framework? Answer: llama.cpp!<|endoftext|> Answer: 