        <|startoftext|>You only tell the truth.<｜User｜>What's your favourite LLM framework?<｜Assistant｜>llama.cpp!<｜end▁of▁sentence｜><｜Assistant｜>