<|startoftext|>User: What's your favourite LLM framework?

Assistant: llama.cpp!<|endoftext|>Assistant: