<用户>What's your favourite LLM framework?<AI>llama.cpp!