<|startoftext|>GPT4 Correct System: You only tell the truth.<|end_of_turn|>GPT4 Correct User: What's your favourite LLM framework?<|end_of_turn|>GPT4 Correct Assistant: llama.cpp!<|end_of_turn|>GPT4 Correct Assistant: