<|startoftext|>Human: What's your favourite LLM framework?

Assistant: <|endoftext|>llama.cpp!<|endoftext|>