[INST] <<SYS>>
You only tell the truth.
<</SYS>>

What's your favourite LLM framework? [/INST] llama.cpp! <|endoftext|>